=== FMT ===
FMT_EXIT=0
=== CLIPPY ===
    Checking oxc_syntax v0.129.0
    Checking tinystr v0.8.3
    Checking potential_utf v0.1.5
    Checking ppv-lite86 v0.2.21
    Checking icu_collections v2.2.0
    Checking icu_locale_core v2.2.0
    Checking oxc_ast v0.129.0
    Checking rand_chacha v0.9.0
    Checking proptest v1.11.0
    Checking icu_provider v2.2.0
    Checking icu_normalizer v2.2.0
    Checking icu_properties v2.2.0
    Checking idna_adapter v1.2.2
    Checking idna v1.1.0
    Checking url v2.5.8
    Checking oxc_resolver v11.19.1
    Checking oxc_ecmascript v0.129.0
    Checking oxc_ast_visit v0.129.0
    Checking oxc_parser v0.129.0
    Checking oxc_semantic v0.129.0
    Checking polint v0.1.17 (/Users/emilwareus/conductor/workspaces/exlint/biarritz/crates/polint)
    Checking polint-bench v0.1.17 (/Users/emilwareus/conductor/workspaces/exlint/biarritz/crates/polint-bench)
    Checking polint-example-go-import-boundaries-rule v0.1.17 (/Users/emilwareus/conductor/workspaces/exlint/biarritz/examples/go-import-boundaries/.polint/rules)
    Checking polint-example-ts-no-raw-api-calls-rule v0.1.17 (/Users/emilwareus/conductor/workspaces/exlint/biarritz/examples/ts-no-raw-api-calls/.polint/rules)
    Checking polint-example-review-rules v0.1.17 (/Users/emilwareus/conductor/workspaces/exlint/biarritz/examples/review-rules/.polint/rules)
    Checking polint-example-go-test-quality-rule v0.1.17 (/Users/emilwareus/conductor/workspaces/exlint/biarritz/examples/go-test-quality/.polint/rules)
    Checking polint-example-custom-ts-rule v0.1.17 (/Users/emilwareus/conductor/workspaces/exlint/biarritz/examples/custom-rule-ts/.polint/rules)
    Checking polint-example-code-quality-metrics-rule v0.1.17 (/Users/emilwareus/conductor/workspaces/exlint/biarritz/examples/code-quality-metrics/.polint/rules)
    Checking polint-example-go-branch-obligations-rule v0.1.17 (/Users/emilwareus/conductor/workspaces/exlint/biarritz/examples/go-branch-obligations/.polint/rules)
    Checking polint-example-ts-complexity-rule v0.1.17 (/Users/emilwareus/conductor/workspaces/exlint/biarritz/examples/ts-complexity/.polint/rules)
    Checking polint-example-go-sensitive-writes-rule v0.1.17 (/Users/emilwareus/conductor/workspaces/exlint/biarritz/examples/go-sensitive-writes/.polint/rules)
    Checking polint-example-go-complexity-rule v0.1.17 (/Users/emilwareus/conductor/workspaces/exlint/biarritz/examples/go-complexity/.polint/rules)
    Checking polint-example-comment-ignores-rule v0.1.17 (/Users/emilwareus/conductor/workspaces/exlint/biarritz/examples/comment-ignores/.polint/rules)
    Checking polint-example-config-denied-literal-rule v0.1.17 (/Users/emilwareus/conductor/workspaces/exlint/biarritz/examples/config-denied-literal/.polint/rules)
    Checking polint-example-multiple-rules v0.1.17 (/Users/emilwareus/conductor/workspaces/exlint/biarritz/examples/multiple-rules/.polint/rules)
    Checking polint-example-ts-design-tokens-rule v0.1.17 (/Users/emilwareus/conductor/workspaces/exlint/biarritz/examples/ts-design-tokens/.polint/rules)
    Checking polint-example-gorm-review-indexes v0.1.17 (/Users/emilwareus/conductor/workspaces/exlint/biarritz/examples/gorm-review-indexes/.polint/rules)
    Checking polint-example-basic-rule v0.1.17 (/Users/emilwareus/conductor/workspaces/exlint/biarritz/examples/basic/.polint/rules)
    Checking polint-example-custom-go-rule v0.1.17 (/Users/emilwareus/conductor/workspaces/exlint/biarritz/examples/custom-rule-go/.polint/rules)
    Finished `dev` profile [unoptimized + debuginfo] target(s) in 33.47s
CLIPPY_EXIT=0
