    Checking polint v0.1.17 (/Users/emilwareus/conductor/workspaces/exlint/biarritz/crates/polint)
error[E0277]: the trait bound `&core::stable_key::StableKeyId: Pattern` is not satisfied
    --> crates/polint/src/module_graph/mod.rs:3266:69
     |
3266 |         assert!(db.resolve_stable_key(resolved.stable_key).contains(&import_key));
     |                                                            -------- ^^^^^^^^^^^ unsatisfied trait bound
     |                                                            |
     |                                                            required by a bound introduced by this call
     |
help: the trait `Fn(char)` is not implemented for `core::stable_key::StableKeyId`
    --> crates/polint/src/core/stable_key.rs:7:1
     |
   7 | pub(crate) struct StableKeyId(pub(crate) u32);
     | ^^^^^^^^^^^^^^^^^^^^^^^^^^^^^
     = help: the following other types implement trait `Pattern`:
               &'b [char; N]
               &'b [char]
               &'b std::string::String
               &'b str
               &'c &'b str
               [char; N]
               char
     = note: required for `&core::stable_key::StableKeyId` to implement `FnOnce(char)`
     = note: required for `&core::stable_key::StableKeyId` to implement `Pattern`
note: required by a bound in `core::str::<impl str>::contains`
    --> /rustc/59807616e1fa2540724bfbac14d7976d7e4a3860/library/core/src/str/mod.rs:1367:4

For more information about this error, try `rustc --explain E0277`.
error: could not compile `polint` (lib test) due to 1 previous error
