   Compiling proc-macro2 v1.0.106
   Compiling unicode-ident v1.0.24
   Compiling quote v1.0.45
   Compiling allocator-api2 v0.2.21
   Compiling foldhash v0.2.0
   Compiling itoa v1.0.18
   Compiling serde_core v1.0.228
   Compiling cfg-if v1.0.4
   Compiling equivalent v1.0.2
   Compiling ryu v1.0.23
   Compiling memchr v2.8.1
   Compiling rustversion v1.0.22
   Compiling siphasher v1.0.3
   Compiling thiserror v2.0.18
   Compiling owo-colors v4.3.0
   Compiling autocfg v1.5.1
   Compiling static_assertions v1.1.0
   Compiling serde v1.0.228
   Compiling unicode-linebreak v0.1.5
   Compiling phf_shared v0.13.1
   Compiling shlex v1.3.0
   Compiling smawk v0.3.2
   Compiling bitflags v2.11.1
   Compiling find-msvc-tools v0.1.9
   Compiling unicode-width v0.2.2
   Compiling rustc-hash v2.1.2
   Compiling hashbrown v0.17.1
   Compiling num-traits v0.2.19
   Compiling cc v1.2.62
   Compiling oxc_data_structures v0.129.0
   Compiling fastrand v2.4.1
   Compiling textwrap v0.16.2
   Compiling unicode-segmentation v1.13.2
   Compiling phf_generator v0.13.1
   Compiling phf v0.13.1
   Compiling libc v0.2.186
   Compiling oxc_estree v0.129.0
   Compiling zmij v1.0.21
   Compiling cow-utils v0.1.3
   Compiling oxc_allocator v0.129.0
   Compiling dragonbox_ecma v0.1.12
   Compiling percent-encoding v2.3.2
   Compiling aho-corasick v1.1.4
   Compiling crossbeam-utils v0.8.21
   Compiling regex-syntax v0.8.10
   Compiling nonmax v0.5.5
   Compiling serde_json v1.0.150
   Compiling unicode-id-start v1.4.0
   Compiling regex-automata v0.4.14
   Compiling tree-sitter-language v0.1.7
   Compiling once_cell v1.21.4
   Compiling tracing-core v0.1.36
   Compiling indexmap v2.14.0
   Compiling hashbrown v0.16.1
   Compiling pkg-config v0.3.33
   Compiling rustix v1.1.4
   Compiling num-integer v0.1.46
   Compiling log v0.4.30
   Compiling vcpkg v0.2.15
   Compiling utf8parse v0.2.2
   Compiling anstyle-parse v1.0.0
   Compiling errno v0.3.14
   Compiling num-bigint v0.4.6
   Compiling float-cmp v0.10.0
   Compiling halfbrown v0.4.0
   Compiling libsqlite3-sys v0.38.1
   Compiling anstyle v1.0.14
   Compiling getrandom v0.4.2
   Compiling anstyle-query v1.1.5
   Compiling is_terminal_polyfill v1.70.2
   Compiling rayon-core v1.13.0
   Compiling either v1.16.0
   Compiling crossbeam-epoch v0.9.18
   Compiling pin-project-lite v0.2.17
   Compiling colorchoice v1.0.5
   Compiling anstream v1.0.0
   Compiling crossbeam-deque v0.8.6
   Compiling value-trait v0.12.1
   Compiling seize v0.5.1
   Compiling tree-sitter-go v0.25.0
   Compiling bstr v1.12.1
   Compiling self_cell v1.2.2
   Compiling lazy_static v1.5.0
   Compiling simdutf8 v0.1.5
   Compiling castaway v0.2.4
   Compiling clap_lex v1.1.0
   Compiling syn v2.0.117
   Compiling arrayvec v0.7.6
   Compiling anyhow v1.0.103
   Compiling heck v0.5.0
   Compiling strsim v0.11.1
   Compiling foldhash v0.1.5
   Compiling smallvec v1.15.1
   Compiling winnow v1.0.3
   Compiling same-file v1.0.6
   Compiling walkdir v2.5.0
   Compiling toml_parser v1.1.2+spec-1.1.0
   Compiling toml_datetime v1.1.1+spec-1.1.0
   Compiling serde_spanned v1.1.1
   Compiling clap_builder v4.6.0
   Compiling hashbrown v0.15.5
   Compiling fast-glob v1.0.1
   Compiling globset v0.4.18
   Compiling simd-json v0.17.0
   Compiling sharded-slab v0.1.7
   Compiling papaya v0.2.4
   Compiling itertools v0.14.0
   Compiling tracing-log v0.2.0
   Compiling regex v1.12.3
   Compiling matchers v0.2.0
   Compiling hashlink v0.12.1
   Compiling json-strip-comments v3.1.1
   Compiling thread_local v1.1.9
   Compiling nodejs-built-in-modules v1.0.0
   Compiling streaming-iterator v0.1.9
   Compiling nu-ansi-term v0.50.3
   Compiling toml_writer v1.1.1+spec-1.1.0
   Compiling seq-macro v0.3.6
   Compiling fixedbitset v0.5.7
   Compiling unsafe-libyaml-norway v0.2.15
   Compiling fallible-streaming-iterator v0.1.9
   Compiling fallible-iterator v0.3.0
   Compiling petgraph v0.8.3
   Compiling toml v1.1.2+spec-1.1.0
   Compiling ignore v0.4.25
   Compiling thiserror-impl v2.0.18
   Compiling serde_derive v1.0.228
   Compiling oxc-miette-derive v2.7.1
   Compiling oxc_ast_macros v0.129.0
   Compiling phf_macros v0.13.1
   Compiling tracing-attributes v0.1.31
   Compiling clap_derive v4.6.1
   Compiling rayon v1.12.0
   Compiling polint-macros v0.1.17 (/Users/emilwareus/conductor/workspaces/exlint/biarritz/crates/polint-macros)
   Compiling tempfile v3.27.0
error: failed to run custom build command for `libsqlite3-sys v0.38.1`

Caused by:
  process didn't exit successfully: `/Users/emilwareus/conductor/workspaces/exlint/biarritz/target/probe-target/debug/build/libsqlite3-sys-1dafccc6f44ff0de/build-script-build` (exit status: 101)
  --- stdout
  cargo:rerun-if-env-changed=LIBSQLITE3_SYS_USE_PKG_CONFIG

  --- stderr

  thread 'main' (37021049) panicked at /Users/emilwareus/.cargo/registry/src/index.crates.io-1949cf8c6b5b557f/libsqlite3-sys-0.38.1/build.rs:39:35:
  Could not copy bindings to output directory: Os { code: 1, kind: PermissionDenied, message: "Operation not permitted" }
  note: run with `RUST_BACKTRACE=1` environment variable to display a backtrace
warning: build failed, waiting for other jobs to finish...
