    Finished `test` profile [unoptimized + debuginfo] target(s) in 0.20s
     Running tests/golden.rs (target/debug/deps/golden-0b79c88cdf5488ee)

running 1 test

thread 'characterization_goldens_match_cli' (37031307) panicked at crates/polint/tests/golden.rs:405:5:
golden mismatch for `examples/go-sensitive-writes/json` — diagnostic set difference:
  lost diagnostics (present in golden, missing from actual):
    - 40ae8a169a4046c4  local/no-sensitive-balance-writes @ ledger.go: Direct write to sensitive field `Balance` is not allowed here.
    - c1ec363fad1f98d4  local/no-sensitive-balance-writes @ ledger.go: Direct write to sensitive field `Balance` is not allowed here.
  new diagnostics (present in actual, missing from golden):
    + b8aa40ff88a1ac11  polint/capability @ <workspace>: Rule `local/no-sensitive-balance-writes` requested capability `symbols` for Go, but symbol graph provider support is setup_missing.
    + dccccb8967eeb628  polint/capability @ <workspace>: Rule `local/no-sensitive-balance-writes` requested capability `references` for Go, but symbol graph provider support is setup_missing.

--- expected (normalized) ---
{"diagnostics":[{"evidence":[{"label":"field","value":"Balance"},{"label":"symbol_id","value":"1928759191775281228"},{"label":"reference_id","value":"10287571617640216321"},{"label":"reference_kind","value":"Write"},{"label":"precision","value":"ExactSemantic"},{"label":"status","value":"Resolved"}],"file":"ledger.go","fix":null,"help":"Move the mutation into an approved maintenance path or expose a reviewed domain method.","labels":[],"message":"Direct write to sensitive field `Balance` is not allowed here.","range":{"end_col":17,"end_line":8,"start_col":10,"start_line":8},"rule_id":"local/no-sensitive-balance-writes","severity":"error","stable_fingerprint":"40ae8a169a4046c4","suggestions":[]},{"evidence":[{"label":"field","value":"Balance"},{"label":"symbol_id","value":"1928759191775281228"},{"label":"reference_id","value":"13370197928359705535"},{"label":"reference_kind","value":"ReadWrite"},{"label":"precision","value":"ExactSemantic"},{"label":"status","value":"Resolved"}],"file":"ledger.go","fix":null,"help":"Move the mutation into an approved maintenance path or expose a reviewed domain method.","labels":[],"message":"Direct write to sensitive field `Balance` is not allowed here.","range":{"end_col":17,"end_line":4,"start_col":10,"start_line":4},"rule_id":"local/no-sensitive-balance-writes","severity":"error","stable_fingerprint":"c1ec363fad1f98d4","suggestions":[]}],"schema":"https://raw.githubusercontent.com/emilwareus/polint/main/docs/schemas/polint-report-v1.json","summary":{"rules":[{"capabilities_ok":true,"diagnostics_emitted":2,"files_in_scope":2,"planned":true,"rule_id":"local/no-sensitive-balance-writes"}]},"tool":{"name":"polint","version":"<stripped>"},"version":1}

--- actual (normalized) ---
{"diagnostics":[{"evidence":[{"label":"rule","value":"local/no-sensitive-balance-writes"},{"label":"capability","value":"symbols"},{"label":"language","value":"Go"},{"label":"status","value":"setup_missing"},{"label":"reason","value":"go sidecar exited with status exit status: 1: open /Users/emilwareus/Library/Caches/go-build/54/546cd7a89702c03656aeabb12be08020fd75147733013880c4d76881ed79b2a9-d: operation not permitted"},{"label":"docs_path","value":"docs/facts/symbols-and-references.md"},{"label":"hint","value":"Ensure Go is installed and the repository can be loaded with the configured package patterns."}],"file":"<workspace>","fix":null,"help":"Capability `symbols` is recognized but the Go symbol/reference provider is not available yet; see docs/facts/symbols-and-references.md.","labels":[],"message":"Rule `local/no-sensitive-balance-writes` requested capability `symbols` for Go, but symbol graph provider support is setup_missing.","range":{"end_col":1,"end_line":1,"start_col":1,"start_line":1},"rule_id":"polint/capability","severity":"error","stable_fingerprint":"b8aa40ff88a1ac11","suggestions":[]},{"evidence":[{"label":"rule","value":"local/no-sensitive-balance-writes"},{"label":"capability","value":"references"},{"label":"language","value":"Go"},{"label":"status","value":"setup_missing"},{"label":"reason","value":"go sidecar exited with status exit status: 1: open /Users/emilwareus/Library/Caches/go-build/54/546cd7a89702c03656aeabb12be08020fd75147733013880c4d76881ed79b2a9-d: operation not permitted"},{"label":"docs_path","value":"docs/facts/symbols-and-references.md"},{"label":"hint","value":"Ensure Go is installed and the repository can be loaded with the configured package patterns."}],"file":"<workspace>","fix":null,"help":"Capability `references` is recognized but the Go symbol/reference provider is not available yet; see docs/facts/symbols-and-references.md.","labels":[],"message":"Rule `local/no-sensitive-balance-writes` requested capability `references` for Go, but symbol graph provider support is setup_missing.","range":{"end_col":1,"end_line":1,"start_col":1,"start_line":1},"rule_id":"polint/capability","severity":"error","stable_fingerprint":"dccccb8967eeb628","suggestions":[]}],"schema":"https://raw.githubusercontent.com/emilwareus/polint/main/docs/schemas/polint-report-v1.json","summary":{"rules":[{"capabilities_ok":true,"diagnostics_emitted":0,"files_in_scope":2,"planned":true,"rule_id":"local/no-sensitive-balance-writes"}]},"tool":{"name":"polint","version":"<stripped>"},"version":1}

note: run with `RUST_BACKTRACE=1` environment variable to display a backtrace
test characterization_goldens_match_cli ... FAILED

failures:

failures:
    characterization_goldens_match_cli

test result: FAILED. 0 passed; 1 failed; 0 ignored; 0 measured; 7 filtered out; finished in 17.92s

error: test failed, to rerun pass `-p polint --test golden`
