[2m2026-09-04T19:50:23.494962Z[0m [32m INFO[0m [2mpolint::kernel::stage[0m[2m:[0m stage done [3mprovider[0m[2m=[0m"polint.source" [3melapsed_ms[0m[2m=[0m0 [3mrss_mb[0m[2m=[0m23 [3mrss_delta_mb[0m[2m=[0m0 [3mpeak_rss_mb[0m[2m=[0m22
[2m2026-09-04T19:50:23.496969Z[0m [32m INFO[0m [2mpolint::kernel::stage[0m[2m:[0m stage done [3mprovider[0m[2m=[0m"polint.go.syntax" [3melapsed_ms[0m[2m=[0m0 [3mrss_mb[0m[2m=[0m23 [3mrss_delta_mb[0m[2m=[0m0 [3mpeak_rss_mb[0m[2m=[0m22
[2m2026-09-04T19:50:23.598769Z[0m [32m INFO[0m [2mpolint::kernel::stage[0m[2m:[0m stage done [3mprovider[0m[2m=[0m"polint.ts.syntax" [3melapsed_ms[0m[2m=[0m101 [3mrss_mb[0m[2m=[0m41 [3mrss_delta_mb[0m[2m=[0m17 [3mpeak_rss_mb[0m[2m=[0m40
[2m2026-09-04T19:50:23.755229Z[0m [32m INFO[0m [2mpolint::kernel::stage[0m[2m:[0m stage done [3mprovider[0m[2m=[0m"polint.module_graph" [3melapsed_ms[0m[2m=[0m156 [3mrss_mb[0m[2m=[0m56 [3mrss_delta_mb[0m[2m=[0m14 [3mpeak_rss_mb[0m[2m=[0m55
[2m2026-09-04T19:50:28.885615Z[0m [32m INFO[0m [2mpolint::kernel::stage[0m[2m:[0m stage done [3mprovider[0m[2m=[0m"polint.symbol_graph" [3melapsed_ms[0m[2m=[0m5130 [3mrss_mb[0m[2m=[0m337 [3mrss_delta_mb[0m[2m=[0m281 [3mpeak_rss_mb[0m[2m=[0m559
[2m2026-09-04T19:50:29.013908Z[0m [32m INFO[0m [2mpolint::kernel::stage[0m[2m:[0m stage done [3mprovider[0m[2m=[0m"polint.module_topology" [3melapsed_ms[0m[2m=[0m126 [3mrss_mb[0m[2m=[0m342 [3mrss_delta_mb[0m[2m=[0m4 [3mpeak_rss_mb[0m[2m=[0m559
[2m2026-09-04T19:50:36.934541Z[0m [32m INFO[0m [2mpolint::kernel::stage[0m[2m:[0m stage done [3mprovider[0m[2m=[0m"polint.semantic_mir" [3melapsed_ms[0m[2m=[0m7920 [3mrss_mb[0m[2m=[0m616 [3mrss_delta_mb[0m[2m=[0m273 [3mpeak_rss_mb[0m[2m=[0m806
[2m2026-09-04T19:51:05.717792Z[0m [32m INFO[0m [2mpolint::kernel::stage[0m[2m:[0m stage done [3mprovider[0m[2m=[0m"polint.cfg" [3melapsed_ms[0m[2m=[0m28783 [3mrss_mb[0m[2m=[0m2118 [3mrss_delta_mb[0m[2m=[0m1502 [3mpeak_rss_mb[0m[2m=[0m2117
[2m2026-09-04T19:51:09.771595Z[0m [32m INFO[0m [2mpolint::kernel::stage[0m[2m:[0m stage done [3mprovider[0m[2m=[0m"polint.calls" [3melapsed_ms[0m[2m=[0m4053 [3mrss_mb[0m[2m=[0m2214 [3mrss_delta_mb[0m[2m=[0m95 [3mpeak_rss_mb[0m[2m=[0m2240
[2m2026-09-04T19:51:09.779966Z[0m [32m INFO[0m [2mpolint::kernel::stage[0m[2m:[0m stage done [3mprovider[0m[2m=[0m"polint.go.semantic" [3melapsed_ms[0m[2m=[0m6 [3mrss_mb[0m[2m=[0m2214 [3mrss_delta_mb[0m[2m=[0m0 [3mpeak_rss_mb[0m[2m=[0m2240
[2m2026-09-04T19:51:10.144293Z[0m [32m INFO[0m [2mpolint::kernel::stage[0m[2m:[0m stage done [3mprovider[0m[2m=[0m"polint.identity" [3melapsed_ms[0m[2m=[0m364 [3mrss_mb[0m[2m=[0m2214 [3mrss_delta_mb[0m[2m=[0m0 [3mpeak_rss_mb[0m[2m=[0m2240
[2m2026-09-04T19:51:13.819601Z[0m [32m INFO[0m [2mpolint::kernel::stage[0m[2m:[0m stage done [3mprovider[0m[2m=[0m"polint.abstract_domains" [3melapsed_ms[0m[2m=[0m3675 [3mrss_mb[0m[2m=[0m2598 [3mrss_delta_mb[0m[2m=[0m384 [3mpeak_rss_mb[0m[2m=[0m2605
[2m2026-09-04T19:51:14.392185Z[0m [32m INFO[0m [2mpolint::kernel::stage[0m[2m:[0m stage done [3mprovider[0m[2m=[0m"polint.direct_summaries" [3melapsed_ms[0m[2m=[0m572 [3mrss_mb[0m[2m=[0m2599 [3mrss_delta_mb[0m[2m=[0m0 [3mpeak_rss_mb[0m[2m=[0m2605
[2m2026-09-04T19:51:14.409792Z[0m [32m INFO[0m [2mpolint::kernel::stage[0m[2m:[0m stage done [3mprovider[0m[2m=[0m"polint.entrypoints" [3melapsed_ms[0m[2m=[0m17 [3mrss_mb[0m[2m=[0m2599 [3mrss_delta_mb[0m[2m=[0m0 [3mpeak_rss_mb[0m[2m=[0m2605
[2m2026-09-04T19:51:14.423905Z[0m [32m INFO[0m [2mpolint::kernel::stage[0m[2m:[0m stage done [3mprovider[0m[2m=[0m"polint.reachability" [3melapsed_ms[0m[2m=[0m13 [3mrss_mb[0m[2m=[0m2599 [3mrss_delta_mb[0m[2m=[0m0 [3mpeak_rss_mb[0m[2m=[0m2605
[2m2026-09-04T19:51:14.425320Z[0m [32m INFO[0m [2mpolint::kernel::stage[0m[2m:[0m stage done [3mprovider[0m[2m=[0m"polint.extensions" [3melapsed_ms[0m[2m=[0m1 [3mrss_mb[0m[2m=[0m2599 [3mrss_delta_mb[0m[2m=[0m0 [3mpeak_rss_mb[0m[2m=[0m2605
[2m2026-09-04T19:52:59.541189Z[0m [32m INFO[0m [2mpolint::kernel::stage[0m[2m:[0m stage done [3mprovider[0m[2m=[0m"polint.type_value_alias" [3melapsed_ms[0m[2m=[0m105115 [3mrss_mb[0m[2m=[0m4484 [3mrss_delta_mb[0m[2m=[0m1885 [3mpeak_rss_mb[0m[2m=[0m5100
[2m2026-09-04T19:53:05.686754Z[0m [32m INFO[0m [2mpolint::kernel::stage[0m[2m:[0m stage done [3mprovider[0m[2m=[0m"polint.semantic_graph" [3melapsed_ms[0m[2m=[0m6143 [3mrss_mb[0m[2m=[0m4674 [3mrss_delta_mb[0m[2m=[0m189 [3mpeak_rss_mb[0m[2m=[0m5100
[2m2026-09-04T19:53:06.906128Z[0m [32m INFO[0m [2mpolint::kernel::stage[0m[2m:[0m stage done [3mprovider[0m[2m=[0m"polint.solver" [3melapsed_ms[0m[2m=[0m1219 [3mrss_mb[0m[2m=[0m4678 [3mrss_delta_mb[0m[2m=[0m3 [3mpeak_rss_mb[0m[2m=[0m5100
[2m2026-09-04T19:53:16.821405Z[0m [32m INFO[0m [2mpolint::kernel::stage[0m[2m:[0m stage done [3mprovider[0m[2m=[0m"polint.refined_calls" [3melapsed_ms[0m[2m=[0m9915 [3mrss_mb[0m[2m=[0m4678 [3mrss_delta_mb[0m[2m=[0m0 [3mpeak_rss_mb[0m[2m=[0m5100
[2m2026-09-04T19:54:20.504568Z[0m [32m INFO[0m [2mpolint::kernel::stage[0m[2m:[0m stage done [3mprovider[0m[2m=[0m"polint.data_flow" [3melapsed_ms[0m[2m=[0m63683 [3mrss_mb[0m[2m=[0m5451 [3mrss_delta_mb[0m[2m=[0m772 [3mpeak_rss_mb[0m[2m=[0m5459
[2m2026-09-04T19:54:34.600619Z[0m [32m INFO[0m [2mpolint::kernel::stage[0m[2m:[0m stage done [3mprovider[0m[2m=[0m"polint.evidence" [3melapsed_ms[0m[2m=[0m14094 [3mrss_mb[0m[2m=[0m8320 [3mrss_delta_mb[0m[2m=[0m2868 [3mpeak_rss_mb[0m[2m=[0m9085
[2m2026-09-04T19:54:34.978631Z[0m [32m INFO[0m [2mpolint::kernel::stage[0m[2m:[0m stage done [3mprovider[0m[2m=[0m"polint.metrics" [3melapsed_ms[0m[2m=[0m364 [3mrss_mb[0m[2m=[0m8325 [3mrss_delta_mb[0m[2m=[0m4 [3mpeak_rss_mb[0m[2m=[0m9085
{"label": "baseline-cold", "cmd": ["target/release/deps/polint-208291dcece90b5d", "--exact", "eval::bench::runner::tests::perf_child_measure_entry", "--nocapture", "--test-threads=1"], "exit_code": 0, "wall_s": 253.02, "peak_rss_bytes": 9527586816, "peak_rss_gb": 8.873, "samples": 1261}
